exports[`Pagination Test Suits it should render correctly 1`] = `
ShallowWrapper {
  Symbol(enzyme.__root__): [Circular],
  Symbol(enzyme.__unrendered__): <Pagination
    activePage={1}
    loadPage={[Function]}
    pageSize={2}
    recordCount={4} />,
  Symbol(enzyme.__renderer__): Object {
    "batchedUpdates": [Function],
    "getNode": [Function],
    "render": [Function],
    "simulateEvent": [Function],
    "unmount": [Function],
  },
  Symbol(enzyme.__node__): Object {
    "instance": null,
    "key": undefined,
    "nodeType": "host",
    "props": Object {
      "children": <ul
        className={undefined}>
        <li
                className={undefined}
                onClick={[Function]}>
                1
        </li>
        <li
                className=""
                onClick={[Function]}>
                2
        </li>
        <li
                className="next"
                onClick={[Function]}>
                Next
        </li>
</ul>,
      "className": undefined,
    },
    "ref": null,
    "rendered": Object {
      "instance": null,
      "key": undefined,
      "nodeType": "host",
      "props": Object {
        "children": Array [
          false,
          Array [
            <li
              className={undefined}
              onClick={[Function]}>
              1
</li>,
            <li
              className=""
              onClick={[Function]}>
              2
</li>,
          ],
          <li
            className="next"
            onClick={[Function]}>
            Next
</li>,
        ],
        "className": undefined,
      },
      "ref": null,
      "rendered": Array [
        false,
        Object {
          "instance": null,
          "key": "1",
          "nodeType": "host",
          "props": Object {
            "children": 1,
            "className": undefined,
            "onClick": [Function],
          },
          "ref": null,
          "rendered": 1,
          "type": "li",
        },
        Object {
          "instance": null,
          "key": "2",
          "nodeType": "host",
          "props": Object {
            "children": 2,
            "className": "",
            "onClick": [Function],
          },
          "ref": null,
          "rendered": 2,
          "type": "li",
        },
        Object {
          "instance": null,
          "key": undefined,
          "nodeType": "host",
          "props": Object {
            "children": "Next",
            "className": "next",
            "onClick": [Function],
          },
          "ref": null,
          "rendered": "Next",
          "type": "li",
        },
      ],
      "type": "ul",
    },
    "type": "div",
  },
  Symbol(enzyme.__nodes__): Array [
    Object {
      "instance": null,
      "key": undefined,
      "nodeType": "host",
      "props": Object {
        "children": <ul
          className={undefined}>
          <li
                    className={undefined}
                    onClick={[Function]}>
                    1
          </li>
          <li
                    className=""
                    onClick={[Function]}>
                    2
          </li>
          <li
                    className="next"
                    onClick={[Function]}>
                    Next
          </li>
</ul>,
        "className": undefined,
      },
      "ref": null,
      "rendered": Object {
        "instance": null,
        "key": undefined,
        "nodeType": "host",
        "props": Object {
          "children": Array [
            false,
            Array [
              <li
                className={undefined}
                onClick={[Function]}>
                1
</li>,
              <li
                className=""
                onClick={[Function]}>
                2
</li>,
            ],
            <li
              className="next"
              onClick={[Function]}>
              Next
</li>,
          ],
          "className": undefined,
        },
        "ref": null,
        "rendered": Array [
          false,
          Object {
            "instance": null,
            "key": "1",
            "nodeType": "host",
            "props": Object {
              "children": 1,
              "className": undefined,
              "onClick": [Function],
            },
            "ref": null,
            "rendered": 1,
            "type": "li",
          },
          Object {
            "instance": null,
            "key": "2",
            "nodeType": "host",
            "props": Object {
              "children": 2,
              "className": "",
              "onClick": [Function],
            },
            "ref": null,
            "rendered": 2,
            "type": "li",
          },
          Object {
            "instance": null,
            "key": undefined,
            "nodeType": "host",
            "props": Object {
              "children": "Next",
              "className": "next",
              "onClick": [Function],
            },
            "ref": null,
            "rendered": "Next",
            "type": "li",
          },
        ],
        "type": "ul",
      },
      "type": "div",
    },
  ],
  Symbol(enzyme.__options__): Object {
    "adapter": ReactFifteenAdapter {
      "options": Object {
        "lifecycles": Object {
          "componentDidUpdate": Object {
            "prevContext": true,
          },
        },
        "supportPrevContextArgumentOfComponentDidUpdate": true,
      },
    },
  },
}
`;
